2025-04-21T18:36:27.069+03:00  INFO 17280 --- [card-transfer-service] [main] r.n.c.CardTransferServiceApplication     : Starting CardTransferServiceApplication using Java 17 with PID 17280 (D:\Учеба\SpringBoot\card-transfer-service\build\classes\java\main started by Monolit in D:\Учеба\SpringBoot\card-transfer-service)
2025-04-21T18:36:27.075+03:00  INFO 17280 --- [card-transfer-service] [main] r.n.c.CardTransferServiceApplication     : No active profile set, falling back to 1 default profile: "default"
2025-04-21T18:36:27.115+03:00  INFO 17280 --- [card-transfer-service] [main] .s.b.d.c.l.DockerComposeLifecycleManager : Using Docker Compose file D:\Учеба\SpringBoot\card-transfer-service\compose.yaml
2025-04-21T18:36:27.456+03:00 ERROR 17280 --- [card-transfer-service] [main] o.s.boot.SpringApplication               : Application run failed

org.springframework.boot.docker.compose.core.ProcessExitException: 'docker version --format {{.Client.Version}}' failed with exit code 1.

Stdout:
27.5.1


Stderr:
error during connect: Get "http://%2F%2F.%2Fpipe%2FdockerDesktopLinuxEngine/v1.47/version": open //./pipe/dockerDesktopLinuxEngine: The system cannot find the file specified.

	at org.springframework.boot.docker.compose.core.ProcessRunner.run(ProcessRunner.java:97) ~[spring-boot-docker-compose-3.4.3.jar:3.4.3]
	at org.springframework.boot.docker.compose.core.ProcessRunner.run(ProcessRunner.java:75) ~[spring-boot-docker-compose-3.4.3.jar:3.4.3]
	at org.springframework.boot.docker.compose.core.DockerCli$DockerCommands.getDockerCommand(DockerCli.java:146) ~[spring-boot-docker-compose-3.4.3.jar:3.4.3]
	at org.springframework.boot.docker.compose.core.DockerCli$DockerCommands.<init>(DockerCli.java:140) ~[spring-boot-docker-compose-3.4.3.jar:3.4.3]
	at org.springframework.boot.docker.compose.core.DockerCli.lambda$new$0(DockerCli.java:66) ~[spring-boot-docker-compose-3.4.3.jar:3.4.3]
	at java.base/java.util.HashMap.computeIfAbsent(HashMap.java:1219) ~[na:na]
	at org.springframework.boot.docker.compose.core.DockerCli.<init>(DockerCli.java:65) ~[spring-boot-docker-compose-3.4.3.jar:3.4.3]
	at org.springframework.boot.docker.compose.core.DockerCompose.get(DockerCompose.java:145) ~[spring-boot-docker-compose-3.4.3.jar:3.4.3]
	at org.springframework.boot.docker.compose.lifecycle.DockerComposeLifecycleManager.getDockerCompose(DockerComposeLifecycleManager.java:166) ~[spring-boot-docker-compose-3.4.3.jar:3.4.3]
	at org.springframework.boot.docker.compose.lifecycle.DockerComposeLifecycleManager.start(DockerComposeLifecycleManager.java:114) ~[spring-boot-docker-compose-3.4.3.jar:3.4.3]
	at org.springframework.boot.docker.compose.lifecycle.DockerComposeListener.onApplicationEvent(DockerComposeListener.java:53) ~[spring-boot-docker-compose-3.4.3.jar:3.4.3]
	at org.springframework.boot.docker.compose.lifecycle.DockerComposeListener.onApplicationEvent(DockerComposeListener.java:35) ~[spring-boot-docker-compose-3.4.3.jar:3.4.3]
	at org.springframework.context.event.SimpleApplicationEventMulticaster.doInvokeListener(SimpleApplicationEventMulticaster.java:185) ~[spring-context-6.2.3.jar:6.2.3]
	at org.springframework.context.event.SimpleApplicationEventMulticaster.invokeListener(SimpleApplicationEventMulticaster.java:178) ~[spring-context-6.2.3.jar:6.2.3]
	at org.springframework.context.event.SimpleApplicationEventMulticaster.multicastEvent(SimpleApplicationEventMulticaster.java:156) ~[spring-context-6.2.3.jar:6.2.3]
	at org.springframework.context.event.SimpleApplicationEventMulticaster.multicastEvent(SimpleApplicationEventMulticaster.java:138) ~[spring-context-6.2.3.jar:6.2.3]
	at org.springframework.boot.context.event.EventPublishingRunListener.multicastInitialEvent(EventPublishingRunListener.java:136) ~[spring-boot-3.4.3.jar:3.4.3]
	at org.springframework.boot.context.event.EventPublishingRunListener.contextLoaded(EventPublishingRunListener.java:98) ~[spring-boot-3.4.3.jar:3.4.3]
	at org.springframework.boot.SpringApplicationRunListeners.lambda$contextLoaded$4(SpringApplicationRunListeners.java:72) ~[spring-boot-3.4.3.jar:3.4.3]
	at java.base/java.lang.Iterable.forEach(Iterable.java:75) ~[na:na]
	at org.springframework.boot.SpringApplicationRunListeners.doWithListeners(SpringApplicationRunListeners.java:118) ~[spring-boot-3.4.3.jar:3.4.3]
	at org.springframework.boot.SpringApplicationRunListeners.doWithListeners(SpringApplicationRunListeners.java:112) ~[spring-boot-3.4.3.jar:3.4.3]
	at org.springframework.boot.SpringApplicationRunListeners.contextLoaded(SpringApplicationRunListeners.java:72) ~[spring-boot-3.4.3.jar:3.4.3]
	at org.springframework.boot.SpringApplication.prepareContext(SpringApplication.java:416) ~[spring-boot-3.4.3.jar:3.4.3]
	at org.springframework.boot.SpringApplication.run(SpringApplication.java:317) ~[spring-boot-3.4.3.jar:3.4.3]
	at org.springframework.boot.SpringApplication.run(SpringApplication.java:1361) ~[spring-boot-3.4.3.jar:3.4.3]
	at org.springframework.boot.SpringApplication.run(SpringApplication.java:1350) ~[spring-boot-3.4.3.jar:3.4.3]
	at ru.netology.cardtransferservice.CardTransferServiceApplication.main(CardTransferServiceApplication.java:10) ~[main/:na]

